AC       E:\Task\train\tested\1feature\test_006_pos
ATC      E:\Task\train\tested\1feature\test_006_pos
PADVC    E:\Task\train\tested\1feature\test_006_pos
CMPADVC  E:\Task\train\tested\1feature\test_006_pos
CMAS     E:\Task\train\tested\1feature\test_006_pos
CMBS     E:\Task\train\tested\1feature\test_006_pos
CMCS     E:\Task\train\tested\1feature\test_006_pos
CMFS     E:\Task\train\tested\1feature\test_006_pos
CCSADVC  E:\Task\train\tested\1feature\test_006_pos
CADVC    E:\Task\train\tested\1feature\test_006_pos
MNRADVC  E:\Task\train\tested\1feature\test_006_pos
RADVC    E:\Task\train\tested\1feature\test_006_pos
NATC     E:\Task\train\tested\1feature\test_006_pos
OC       E:\Task\train\tested\1feature\test_006_pos
PC       E:\Task\train\tested\1feature\test_006_pos
RSLADVC  E:\Task\train\tested\1feature\test_006_pos
SS       E:\Task\train\tested\1feature\test_006_pos
SC       E:\Task\train\tested\1feature\test_006_pos
TADVC    E:\Task\train\tested\1feature\test_006_pos
WADVC    E:\Task\train\tested\1feature\test_006_pos